BOOLEAN
IDENTIFIER (isValid)
'='
BOOLEAN VALUE (true)
';'
EOF